// Jest Snapshot v1, https://goo.gl/fbAQLP

exports[`Tests for clearing chart data All chart data is cleared when the chart is cleared 1`] = `
<main>
  
                
  <div
    class="chart-builder"
  >
    
                    
    <div
      class="toolbar"
    >
      
                        
      <label
        class="chart-title"
      >
        
                            Chart title
                            
        <input
          id="chart-title-input"
        />
        
                        
      </label>
      
                        
      <label
        class="chart-color"
      >
        
                            Chart color
                            
        <input
          id="chart-color-input"
          type="color"
        />
        
                        
      </label>
      
                        
      <button
        id="generate-chart-btn"
      >
        Generate chart
      </button>
      
                        
      <button
        class="secondary"
        id="clear-chart-btn"
      >
        Clear chart data
      </button>
      
                        
      <button
        class="secondary"
        disabled=""
        id="save-chart-btn"
      >
        Save chart
      </button>
      
                    
    </div>
    
                    
    <div
      class="content"
    >
      
                        
      <div
        class="data-entry"
      >
        
                            
        <div
          id="x-y-data-grid"
        >
          
                                
          <label
            class="x-label"
          >
            
                                    X label
                                    
            <input
              id="x-label-input"
            />
            
                                
          </label>
          
                                
          <label
            class="y-label"
          >
            
                                    Y label
                                    
            <input
              id="y-label-input"
            />
            
                                
          </label>
          
                                
          <h4
            class="values-header"
          >
            Values
          </h4>
          
                            
          <label
            class="x-value"
          >
            X 
            <input
              class="x-value-input"
              type="number"
            />
          </label>
          <label
            class="y-value"
          >
            Y 
            <input
              class="y-value-input"
              type="number"
            />
          </label>
        </div>
        
                            
        <button
          id="add-values-btn"
        >
          +
        </button>
        
                        
      </div>
      
                        
      <div
        id="chart-display"
      />
      
                    
    </div>
    
                
  </div>
  
            
</main>
`;
